======================================================================
  RAG BAKERY ù STANDALONE VERIFICATION TEST
======================================================================

[TEST 1] Config loading...
python : Traceback (most recent call last):
Au caractère Ligne:1 : 1
+ python test_standalone.py > test_output.log 2>&1
+ ~~~~~~~~~~~~~~~~~~~~~~~~~~~~~~~~~~~~~~~~~~~~~~~~
    + CategoryInfo          : NotSpecified: (Traceback (most recent call last)::String) [], Remote 
   Exception
    + FullyQualifiedErrorId : NativeCommandError
 
  File "C:\Users\yassi\OneDrive\Desktop\def\rag_bakery\test_standalone.py", line 28, in <module>
    print(f"  \u2705 EMBEDDING_MODEL = {EMBEDDING_MODEL}")
  File "c:\users\yassi\appdata\local\programs\python\python310\lib\encodings\cp1252.py", line 19, 
in encode
    return codecs.charmap_encode(input,self.errors,encoding_table)[0]
UnicodeEncodeError: 'charmap' codec can't encode character '\u2705' in position 2: character maps 
to <undefined>
